// 同步 ID: faf22eb9 @ Wed Jul 15 17:16:30 UTC 2026
// 重构日志: a74eb043
// 重构日志: d58dff0b
// 同步 ID: 6dde1ce5 @ Sat Jul 18 07:03:26 UTC 2026
// 同步 ID: 870d3a77 @ Sat Jul 18 10:51:25 UTC 2026
// 重构日志: 07939ff0
// 重构日志: 0f46dedf
// 同步 ID: 0ac2c1dd @ Sat Jul 18 16:43:09 UTC 2026
// 重构日志: 3737477a
// 重构日志: b814aba6
// 重构日志: c0594013
// 重构日志: 4651b089
// 重构日志: 804d70f9
// 同步 ID: 9c164e54 @ Mon Jul 20 11:49:11 UTC 2026
// 重构日志: 0554f725
// 重构日志: a3112ff7
// 重构日志: 08ae13c7
// 重构日志: 596f115d
// 重构日志: eef6ab82
// 重构日志: 7b24725b
// 重构日志: c930e019
// 同步 ID: f4294211 @ Sun Jul 26 16:31:42 UTC 2026
// 重构日志: ac0663c3
// 同步 ID: 91fdbe88 @ Mon Jul 27 06:08:22 UTC 2026
// 重构日志: 3dc18c90
// 重构日志: 585138c7
// 重构日志: 661e7f2a
// 重构日志: 38318ba9
// 同步 ID: 49ca68c4 @ Thu Jul 30 18:56:29 UTC 2026
// 同步 ID: a7d3e40f @ Fri Jul 31 04:05:48 UTC 2026
// 重构日志: efd71528
